﻿
> frontend@0.0.0 build
> vite build

[36mvite v7.3.1 [32mbuilding client environment for production...[36m[39m
transforming...
[32mΓ£ô[39m 2153 modules transformed.
node.exe : 
[31mΓ£ù[39m Build 
failed in 5.14s
At line:1 char:1
+ & "C:\Program 
Files\nodejs/node.exe" 
"C:\Program 
Files\nodejs/node_mo 
...
+ ~~~~~~~~~~~~~~~~~~~~~
~~~~~~~~~~~~~~~~~~~~~~~
~~~~~~~~~~~~~~~~~~~~~~~
~~
    + CategoryInfo     
         : NotSpecifi  
  ed: ([31mΓ£ù[39m   
  Build failed in 5    
.14s:String) [], R    
emoteException
    + FullyQualifiedEr 
   rorId : NativeComm  
  andError
 
[31merror during 
build:
[31msrc/components/Das
hboardLayout.jsx 
(1:9): "Sidebar" is 
not exported by "src/co
mponents/Sidebar.jsx", 
imported by "src/compon
ents/DashboardLayout.js
x".[31m
file: [36mC:/Users/bar
ap/OneDrive/Documents/C
EP project/frontend/src
/components/DashboardLa
yout.jsx:1:9[31m
[33m
1: import { Sidebar } 
from '../components/Sid
ebar';
            ^
2: import { Outlet } 
from 
'react-router-dom';
[31m
    at getRollupError (
file:///C:/Users/barap/
OneDrive/Documents/CEP%
20project/frontend/node
_modules/rollup/dist/es
/shared/parseAst.js:402
:41)
    at error (file:///C
:/Users/barap/OneDrive/
Documents/CEP%20project
/frontend/node_modules/
rollup/dist/es/shared/p
arseAst.js:398:42)
    at Module.error (fi
le:///C:/Users/barap/On
eDrive/Documents/CEP%20
project/frontend/node_m
odules/rollup/dist/es/s
hared/node-entry.js:170
40:16)
    at 
Module.traceVariable (f
ile:///C:/Users/barap/O
neDrive/Documents/CEP%2
0project/frontend/node_
modules/rollup/dist/es/
shared/node-entry.js:17
452:29)
    at ModuleScope.find
Variable (file:///C:/Us
ers/barap/OneDrive/Docu
ments/CEP%20project/fro
ntend/node_modules/roll
up/dist/es/shared/node-
entry.js:15070:39)
    at ReturnValueScope
.findVariable (file:///
C:/Users/barap/OneDrive
/Documents/CEP%20projec
t/frontend/node_modules
/rollup/dist/es/shared/
node-entry.js:5673:38)
    at FunctionBodyScop
e.findVariable (file://
/C:/Users/barap/OneDriv
e/Documents/CEP%20proje
ct/frontend/node_module
s/rollup/dist/es/shared
/node-entry.js:5673:38)
    at Identifier.bind 
(file:///C:/Users/barap
/OneDrive/Documents/CEP
%20project/frontend/nod
e_modules/rollup/dist/e
s/shared/node-entry.js:
5447:40)
    at 
CallExpression.bind (fi
le:///C:/Users/barap/On
eDrive/Documents/CEP%20
project/frontend/node_m
odules/rollup/dist/es/s
hared/node-entry.js:282
5:28)
    at 
CallExpression.bind (fi
le:///C:/Users/barap/On
eDrive/Documents/CEP%20
project/frontend/node_m
odules/rollup/dist/es/s
hared/node-entry.js:121
79:15)[39m
